2024-02-28 11:17:40,159:DEBUG:Add: 20 + 10 = 30
2024-02-28 11:17:40,159:DEBUG:Sub: 20 - 10 = 10
2024-02-28 11:17:40,159:DEBUG:Mul: 20 * 10 = 200
